{
    "Name": "GoldenStats",
    "ID": "com.anotherpillow.goldenstats",
    "Version": "1.1",
    "Main": "GoldenStats.golden.js::default"
}